=== Test de l'analyse de texte ===

Contenu du fichier test_data.txt:
Rapport d'analyse environnementale

Date: 21/07/2025
Site: Zone industrielle Nord

Param├¿tres mesur├®s:
- pH: 7.5 unit├®s
- Temp├®rature: 22.3 ┬░C
- Conductivit├®: 450 ┬ÁS/cm
- Oxyg├¿ne dissous: 6.8 mg/L
- N...

D├®marrage de l'analyse du texte...

Analyse r├®ussie! Donn├®es extraites:
Nombre de param├¿tres trouv├®s: 1

Aper├ºu des donn├®es:
  Milieu Param├¿tre Unit├® Intervalle acceptable  Valeur mesur├®e R├®sultat conformit├® Score                                             Observations     Description  ├ëvaluation
0    Eau        pH    pH             6.5 - 8.5  Non disponible          Non ├®valu├®   N/A  Donn├®es extraites de l'image insuffisantes pour analyse  Non disponible  Non ├®valu├®

=== V├®rification des fichiers de sortie ===

Dernier fichier Excel g├®n├®r├®: analyse_test_data_20250721_143321.xlsx

Nombre de lignes: 1
Colonnes: ['Milieu', 'Param├¿tre', 'Unit├®', 'Intervalle acceptable', 'Valeur mesur├®e', 'R├®sultat conformit├®', 'Score', 'Observations', 'Description', '├ëvaluation']

Aper├ºu des donn├®es:
  Milieu Param├¿tre Unit├® Intervalle acceptable  Valeur mesur├®e R├®sultat conformit├®  Score                                             Observations     Description  ├ëvaluation
0    Eau        pH    pH             6.5 - 8.5  Non disponible          Non ├®valu├®    NaN  Donn├®es extraites de l'image insuffisantes pour analyse  Non disponible  Non ├®valu├®

=== Test termin├® ===
